// Jest Snapshot v1, https://goo.gl/fbAQLP

exports[`component/doc/DocumentPreview Snapshots Default 1`] = `
<div
  class="container"
>
  <div
    class="v-card v-sheet theme--light"
  >
    <div
      class="v-card__title justify-space-between px-4 py-2"
    >
      <h3
        class="grey--text"
      >
        
      Preview Document
    
      </h3>
       
      <button
        class="mr-0 v-btn v-btn--flat theme--light primary--text"
        type="button"
      >
        <div
          class="v-btn__content"
        >
          
      Close
    
        </div>
      </button>
    </div>
     
    <hr
      class="v-divider theme--light"
    />
     
    <div
      class="layout column px-4 py-3 justify-stretch"
    >
      <div
        class="layout"
      >
        <div
          class="flex sm3 mr-2"
        >
          <div
            class="v-input body-2 v-text-field v-text-field--single-line v-text-field--solo v-text-field--solo-flat v-text-field--enclosed v-select v-input--hide-details theme--light"
            role="combobox"
          >
            <div
              class="v-input__control"
            >
              <div
                class="v-input__slot primary"
              >
                <div
                  class="v-select__slot"
                >
                  <div
                    class="v-select__selections"
                  >
                    <input
                      aria-readonly="false"
                      autocomplete="on"
                      readonly="readonly"
                      type="text"
                    />
                  </div>
                  <div
                    class="v-input__append-inner"
                  >
                    <div
                      class="v-input__icon v-input__icon--append"
                    >
                      <i
                        aria-hidden="true"
                        class="v-icon material-icons theme--light"
                      >
                        arrow_drop_down
                      </i>
                    </div>
                  </div>
                </div>
                <div
                  class="v-menu"
                >
                  <div
                    class="v-menu__content theme--light "
                    style="max-height: 300px; min-width: 0px; max-width: auto; top: 12px; left: 0px; transform-origin: top left; z-index: 0; display: none;"
                  >
                    <div
                      class="v-select-list v-card theme--light"
                    >
                      <div
                        class="v-list theme--light"
                        role="list"
                      >
                        <div
                          role="listitem"
                        >
                          <a
                            class="v-list__tile v-list__tile--link theme--light"
                          >
                            <div
                              class="v-list__tile__content"
                            >
                              <div
                                class="v-list__tile__title"
                              >
                                Sample Event: LA Stadium Fest
                              </div>
                            </div>
                          </a>
                        </div>
                        <div
                          role="listitem"
                        >
                          <a
                            class="v-list__tile v-list__tile--link theme--light"
                          >
                            <div
                              class="v-list__tile__content"
                            >
                              <div
                                class="v-list__tile__title"
                              >
                                Event Samples
                              </div>
                            </div>
                          </a>
                        </div>
                      </div>
                    </div>
                  </div>
                </div>
              </div>
            </div>
          </div>
        </div>
         
        <div
          class="flex sm3 ml-2"
        >
          <div
            class="v-input body-2 v-text-field v-text-field--single-line v-text-field--solo v-text-field--solo-flat v-text-field--enclosed v-select v-input--hide-details theme--light"
            role="combobox"
          >
            <div
              class="v-input__control"
            >
              <div
                class="v-input__slot primary"
              >
                <div
                  class="v-select__slot"
                >
                  <div
                    class="v-select__selections"
                  >
                    <input
                      aria-readonly="false"
                      autocomplete="on"
                      readonly="readonly"
                      type="text"
                    />
                  </div>
                  <div
                    class="v-input__append-inner"
                  >
                    <div
                      class="v-input__icon v-input__icon--append"
                    >
                      <i
                        aria-hidden="true"
                        class="v-icon material-icons theme--light"
                      >
                        arrow_drop_down
                      </i>
                    </div>
                  </div>
                </div>
                <div
                  class="v-menu"
                >
                  <div
                    class="v-menu__content theme--light "
                    style="max-height: 300px; min-width: 0px; max-width: auto; top: 12px; left: 0px; transform-origin: top left; z-index: 0; display: none;"
                  >
                    <div
                      class="v-select-list v-card theme--light"
                    >
                      <div
                        class="v-list theme--light"
                        role="list"
                      >
                        <div
                          role="listitem"
                        >
                          <a
                            class="v-list__tile v-list__tile--link theme--light"
                          >
                            <div
                              class="v-list__tile__content"
                            >
                              <div
                                class="v-list__tile__title"
                              >
                                Contract: 2 Brothers Kitchen
                              </div>
                            </div>
                          </a>
                        </div>
                        <div
                          role="listitem"
                        >
                          <a
                            class="v-list__tile v-list__tile--link theme--light"
                          >
                            <div
                              class="v-list__tile__content"
                            >
                              <div
                                class="v-list__tile__title"
                              >
                                Contract samples
                              </div>
                            </div>
                          </a>
                        </div>
                      </div>
                    </div>
                  </div>
                </div>
              </div>
            </div>
          </div>
        </div>
         
        <div
          class="flex sm3"
        />
         
        <div
          class="flex sm3 text-xs-right"
        >
          <a
            class="mx-0 v-btn theme--light primary"
            href="https://downloadable.net/mock.zip"
            target="_blank"
          >
            <div
              class="v-btn__content"
            >
              
        Download PDF
      
            </div>
          </a>
        </div>
      </div>
       
      <div
        class="my-3 px-3 v-card v-sheet theme--light"
      >
        <div
          class="layout align-center my-3"
        >
          <div
            class="flex sm3"
          >
            <div
              aria-label="main logo"
              class="v-responsive v-image"
              role="img"
              style="height: 50px; width: 160px;"
            >
              <div
                class="v-image__image v-image__image--preload v-image__image--cover"
                mode="in-out"
                name="fade-transition"
                style="background-position: center center;"
              />
              <div
                class="v-responsive__content"
              />
            </div>
          </div>
           
          <hr
            class="v-divider v-divider--vertical theme--light"
          />
           
          <div
            class="flex title primary--text font-weight-bold sm6 pl-2"
          >
            
        mock title
      
          </div>
           
          <div
            class="flex body-2 text-xs-right sm3"
          >
            
        Expiration Date: 09/16/2019
      
          </div>
        </div>
         
        <hr
          class="v-divider theme--light"
        />
         
        <div
          class="layout mt-3"
        >
          <div>
            mock description
          </div>
        </div>
         
        <div
          class="layout mb-3"
        >
          <div
            class="layout column mb-3"
          >
            <div
              class="layout"
            >
              <div
                class="flex sm4"
              >
                <div
                  class="mr-3"
                >
                  <div
                    class="py-3"
                  />
                   
                  <hr
                    class="v-divider theme--light"
                  />
                   
                  <div
                    class="body-1 mt-2"
                  >
                    
    Food Fleet Signature
  
                  </div>
                </div>
              </div>
              <div
                class="flex sm4"
              >
                <div
                  class="mx-3"
                >
                  <div
                    class="py-3"
                  />
                   
                  <hr
                    class="v-divider theme--light"
                  />
                   
                  <div
                    class="body-1 mt-2"
                  >
                    
    Printed Name
  
                  </div>
                </div>
              </div>
              <div
                class="flex sm4"
              >
                <div
                  class="ml-3"
                >
                  <div
                    class="py-3"
                  />
                   
                  <hr
                    class="v-divider theme--light"
                  />
                   
                  <div
                    class="body-1 mt-2"
                  >
                    
    Date
  
                  </div>
                </div>
              </div>
            </div>
          </div>
        </div>
         
        <div
          class="layout"
        >
          <div
            class="layout column mb-3"
          >
            <div
              class="layout"
            >
              <div
                class="flex sm4"
              >
                <div
                  class="mr-3"
                >
                  <div
                    class="py-3"
                  />
                   
                  <hr
                    class="v-divider theme--light"
                  />
                   
                  <div
                    class="body-1 mt-2"
                  >
                    
    mock owner name
  
                  </div>
                </div>
              </div>
              <div
                class="flex sm4"
              >
                <div
                  class="mx-3"
                >
                  <div
                    class="py-3"
                  />
                   
                  <hr
                    class="v-divider theme--light"
                  />
                   
                  <div
                    class="body-1 mt-2"
                  >
                    
    Printed Name
  
                  </div>
                </div>
              </div>
              <div
                class="flex sm4"
              >
                <div
                  class="ml-3"
                >
                  <div
                    class="py-3"
                  />
                   
                  <hr
                    class="v-divider theme--light"
                  />
                   
                  <div
                    class="body-1 mt-2"
                  >
                    
    Date
  
                  </div>
                </div>
              </div>
            </div>
          </div>
        </div>
      </div>
    </div>
  </div>
</div>
`;
