// Jest Snapshot v1, https://goo.gl/fbAQLP

exports[`Contractor page Mount snapshot 1`] = `
<div>
  <v-btn-stub
    activeclass="v-btn--active"
    href="https://connect.squareupsandbox.com/oauth2/authorize?client_id=sandbox-sq0idb-XpOEfx_tSDS3oIDPuf9Tqw&scope=PAYMENTS_READ CUSTOMERS_READ EMPLOYEES_READ INVENTORY_READ ITEMS_READ MERCHANT_PROFILE_READ ORDERS_READ"
    tag="button"
    type="button"
  >
    
    Authorize Square
  
  </v-btn-stub>
</div>
`;
