// Jest Snapshot v1, https://goo.gl/fbAQLP

exports[`SaveSearch Snapshots modifiers set 1`] = `
<div
  class="v-card v-sheet theme--light"
>
  <div
    class="v-card__title justify-space-between px-4"
  >
    <span
      class="black--text font-weight-bold title text-uppercase"
    >
      Save Report
    </span>
     
    <button
      class="mr-0 mt-2 small-btn v-btn v-btn--icon v-btn--large theme--light"
      type="button"
    >
      <div
        class="v-btn__content"
      >
        <i
          aria-hidden="true"
          class="v-icon grey--text far fa-times-circle theme--light"
        />
      </div>
    </button>
  </div>
   
  <hr />
   
  <div
    class="pa-4"
  >
    <form
      class="v-form"
      novalidate="novalidate"
    >
      <div
        class="layout row"
      >
        <div
          class="flex sm12"
        >
          <div
            class="layout row justify-space-between my-2"
          >
            
            Title
            
            <!---->
          </div>
           
          <div
            class="v-input v-text-field v-text-field--single-line v-text-field--solo v-text-field--enclosed theme--light"
          >
            <div
              class="v-input__control"
            >
              <div
                class="v-input__slot"
              >
                <div
                  class="v-text-field__slot"
                >
                  <input
                    data-vv-name="name"
                    required="required"
                    type="text"
                  />
                </div>
              </div>
              <div
                class="v-text-field__details"
              >
                <div
                  class="v-messages theme--light"
                >
                  <div
                    class="v-messages__wrapper"
                  />
                </div>
                <div
                  class="v-counter theme--light"
                >
                  0 / 255
                </div>
              </div>
            </div>
          </div>
        </div>
      </div>
       
      <div
        class="layout row mb-2"
      >
        <div
          class="flex sm6 pr-2"
        >
          <div
            class="layout row justify-space-between my-2"
          >
            
            Modifier 1
            
            <!---->
          </div>
           
          <div
            class="v-input v-text-field v-text-field--single-line v-text-field--solo v-text-field--enclosed v-select v-input--hide-details v-input--is-label-active v-input--is-dirty theme--light"
            role="combobox"
          >
            <div
              class="v-input__control"
            >
              <div
                class="v-input__slot"
              >
                <div
                  class="v-select__slot"
                >
                  <div
                    class="v-select__selections"
                  >
                    <div
                      class="v-select__selection v-select__selection--comma"
                    >
                      None selected
                    </div>
                    <input
                      aria-readonly="false"
                      autocomplete="on"
                      readonly="readonly"
                      type="text"
                    />
                  </div>
                  <div
                    class="v-input__append-inner"
                  >
                    <div
                      class="v-input__icon v-input__icon--append"
                    >
                      <i
                        aria-hidden="true"
                        class="v-icon material-icons theme--light"
                      >
                        arrow_drop_down
                      </i>
                    </div>
                  </div>
                </div>
                <div
                  class="v-menu"
                >
                  <div
                    class="v-menu__content theme--light "
                    style="max-height: 300px; min-width: 0px; max-width: auto; top: 12px; left: 0px; transform-origin: top left; z-index: 0; display: none;"
                  >
                    <div
                      class="v-select-list v-card theme--light"
                    >
                      <div
                        class="v-list theme--light"
                        role="list"
                      >
                        <div
                          class="primary--text"
                          role="listitem"
                        >
                          <a
                            class="v-list__tile v-list__tile--link v-list__tile--active theme--light primary--text"
                          >
                            <div
                              class="v-list__tile__content"
                            >
                              <div
                                class="v-list__tile__title"
                              >
                                None selected
                              </div>
                            </div>
                          </a>
                        </div>
                        <div
                          role="listitem"
                        >
                          <a
                            class="v-list__tile v-list__tile--link theme--light"
                          >
                            <div
                              class="v-list__tile__content"
                            >
                              <div
                                class="v-list__tile__title"
                              >
                                Event
                              </div>
                            </div>
                          </a>
                        </div>
                        <div
                          role="listitem"
                        >
                          <a
                            class="v-list__tile v-list__tile--link theme--light"
                          >
                            <div
                              class="v-list__tile__content"
                            >
                              <div
                                class="v-list__tile__title"
                              >
                                Payment type
                              </div>
                            </div>
                          </a>
                        </div>
                        <div
                          role="listitem"
                        >
                          <a
                            class="v-list__tile v-list__tile--link theme--light"
                          >
                            <div
                              class="v-list__tile__content"
                            >
                              <div
                                class="v-list__tile__title"
                              >
                                Min Date
                              </div>
                            </div>
                          </a>
                        </div>
                        <div
                          role="listitem"
                        >
                          <a
                            class="v-list__tile v-list__tile--link theme--light"
                          >
                            <div
                              class="v-list__tile__content"
                            >
                              <div
                                class="v-list__tile__title"
                              >
                                Min price
                              </div>
                            </div>
                          </a>
                        </div>
                      </div>
                    </div>
                  </div>
                </div>
              </div>
            </div>
          </div>
        </div>
         
        <div
          class="flex sm6 pl-2"
        >
          <div
            class="layout row justify-space-between my-2"
          >
            
            Modifier 2
            
            <!---->
          </div>
           
          <div
            class="v-input v-text-field v-text-field--single-line v-text-field--solo v-text-field--enclosed v-select v-input--hide-details v-input--is-label-active v-input--is-dirty theme--light"
            role="combobox"
          >
            <div
              class="v-input__control"
            >
              <div
                class="v-input__slot"
              >
                <div
                  class="v-select__slot"
                >
                  <div
                    class="v-select__selections"
                  >
                    <div
                      class="v-select__selection v-select__selection--comma"
                    >
                      None selected
                    </div>
                    <input
                      aria-readonly="false"
                      autocomplete="on"
                      readonly="readonly"
                      type="text"
                    />
                  </div>
                  <div
                    class="v-input__append-inner"
                  >
                    <div
                      class="v-input__icon v-input__icon--append"
                    >
                      <i
                        aria-hidden="true"
                        class="v-icon material-icons theme--light"
                      >
                        arrow_drop_down
                      </i>
                    </div>
                  </div>
                </div>
                <div
                  class="v-menu"
                >
                  <div
                    class="v-menu__content theme--light "
                    style="max-height: 300px; min-width: 0px; max-width: auto; top: 12px; left: 0px; transform-origin: top left; z-index: 0; display: none;"
                  >
                    <div
                      class="v-select-list v-card theme--light"
                    >
                      <div
                        class="v-list theme--light"
                        role="list"
                      >
                        <div
                          class="primary--text"
                          role="listitem"
                        >
                          <a
                            class="v-list__tile v-list__tile--link v-list__tile--active theme--light primary--text"
                          >
                            <div
                              class="v-list__tile__content"
                            >
                              <div
                                class="v-list__tile__title"
                              >
                                None selected
                              </div>
                            </div>
                          </a>
                        </div>
                        <div
                          role="listitem"
                        >
                          <a
                            class="v-list__tile v-list__tile--link theme--light"
                          >
                            <div
                              class="v-list__tile__content"
                            >
                              <div
                                class="v-list__tile__title"
                              >
                                Event
                              </div>
                            </div>
                          </a>
                        </div>
                        <div
                          role="listitem"
                        >
                          <a
                            class="v-list__tile v-list__tile--link theme--light"
                          >
                            <div
                              class="v-list__tile__content"
                            >
                              <div
                                class="v-list__tile__title"
                              >
                                Payment type
                              </div>
                            </div>
                          </a>
                        </div>
                        <div
                          role="listitem"
                        >
                          <a
                            class="v-list__tile v-list__tile--link theme--light"
                          >
                            <div
                              class="v-list__tile__content"
                            >
                              <div
                                class="v-list__tile__title"
                              >
                                Min Date
                              </div>
                            </div>
                          </a>
                        </div>
                        <div
                          role="listitem"
                        >
                          <a
                            class="v-list__tile v-list__tile--link theme--light"
                          >
                            <div
                              class="v-list__tile__content"
                            >
                              <div
                                class="v-list__tile__title"
                              >
                                Min price
                              </div>
                            </div>
                          </a>
                        </div>
                      </div>
                    </div>
                  </div>
                </div>
              </div>
            </div>
          </div>
        </div>
      </div>
       
      <div
        class="layout row mt-4 mb-2"
      >
        <div
          class="flex"
        >
          <button
            class="ml-0 v-btn theme--light"
            type="button"
          >
            <div
              class="v-btn__content"
            >
              
            Cancel
          
            </div>
          </button>
        </div>
         
        <div
          class="flex texs-xs-right"
        >
          <button
            class="mr-0 right primary v-btn theme--light"
            type="button"
          >
            <div
              class="v-btn__content"
            >
              
            Save
          
            </div>
          </button>
        </div>
      </div>
    </form>
  </div>
</div>
`;
