// Jest Snapshot v1, https://goo.gl/fbAQLP

exports[`Event CustomerSummary component Snapshots required set 1`] = `
<v-card-stub
  tag="div"
>
  <v-container-stub
    font-weight-bold=""
    grey--text=""
    py-3=""
    subheading=""
    tag="div"
  >
    
    Customer Summary
  
  </v-container-stub>
   
  <v-divider-stub />
   
  <v-container-stub
    font-weight-bold=""
    grey--text=""
    pt-0=""
    tag="div"
  >
    <v-layout-stub
      align-center=""
      line=""
      tag="div"
    >
      <v-flex-stub
        caption=""
        font-weight-bold=""
        tag="div"
      >
        OWNER
      </v-flex-stub>
       
      <v-flex-stub
        subheading=""
        tag="div"
        text-truncate=""
        text-xs-right=""
        xs6=""
      >
        Joan Smith
      </v-flex-stub>
    </v-layout-stub>
     
    <v-divider-stub />
     
    <v-layout-stub
      align-center=""
      line=""
      tag="div"
    >
      <v-flex-stub
        caption=""
        font-weight-bold=""
        tag="div"
      >
        SIGNED CONTRACTS
      </v-flex-stub>
       
      <v-flex-stub
        subheading=""
        tag="div"
        text-truncate=""
        text-xs-right=""
        xs6=""
      >
        31
      </v-flex-stub>
    </v-layout-stub>
     
    <v-divider-stub />
     
    <v-layout-stub
      align-center=""
      line=""
      tag="div"
    >
      <v-flex-stub
        caption=""
        font-weight-bold=""
        tag="div"
      >
        CONTACT PHONE
      </v-flex-stub>
       
      <v-flex-stub
        subheading=""
        tag="div"
        text-truncate=""
        text-xs-right=""
        xs6=""
      >
        938 374822
      </v-flex-stub>
    </v-layout-stub>
     
    <v-divider-stub />
     
    <v-layout-stub
      align-center=""
      line=""
      tag="div"
    >
      <v-flex-stub
        caption=""
        font-weight-bold=""
        tag="div"
      >
        CONTACT EMAIL
      </v-flex-stub>
       
      <v-flex-stub
        subheading=""
        tag="div"
        text-truncate=""
        text-xs-right=""
        xs6=""
      >
        joan.simth@gmail.com
      </v-flex-stub>
    </v-layout-stub>
     
    <v-divider-stub />
     
    <v-btn-stub
      activeclass="v-btn--active"
      block="true"
      class="grey ma-0 mt-4 white--text text-none"
      tag="button"
      type="button"
    >
      
      View Customer Profile
    
    </v-btn-stub>
  </v-container-stub>
</v-card-stub>
`;
