// Jest Snapshot v1, https://goo.gl/fbAQLP

exports[`EventStatusTimeline Snapshots Default 1`] = `
<div
  class="container"
>
  <div
    class="v-timeline v-timeline--align-top v-timeline--dense theme--light"
  />
</div>
`;

exports[`EventStatusTimeline Snapshots Populated 1`] = `
<div
  class="container"
>
  <div
    class="v-timeline v-timeline--align-top v-timeline--dense theme--light"
  />
</div>
`;
