// Jest Snapshot v1, https://goo.gl/fbAQLP

exports[`financials/TotalSales Snapshots required props set 1`] = `
<div
  class="py-2"
>
  <div
    class="text-xs-center my-5"
  >
    <div
      class="display-1 primary--text"
    >
      
      $23,470
    
    </div>
     
    <div
      class="font-weight-bold subheading mt-2"
    >
      
      Per Customer
    
    </div>
  </div>
</div>
`;
